// Jest Snapshot v1, https://goo.gl/fbAQLP

exports[`matches snapshot 1`] = `
<DocumentFragment>
  <div
    class="TodoList"
  >
    <h1>
      Add to Todo List!
    </h1>
    <form>
      <div>
        <label
          for="message"
        >
          Message:
        </label>
        <input
          id="message"
          name="message"
          value=""
        />
      </div>
      <br />
      <button>
        Add a Todo!
      </button>
    </form>
    <ol />
  </div>
</DocumentFragment>
`;
